// Jest Snapshot v1, https://goo.gl/fbAQLP

exports[`<EditExpensePage /> should render the page correctly 1`] = `
<div>
  <div
    className="page-header"
  >
    <div
      className="content-container"
    >
      <h1
        className="page-header__title"
      >
        Edit Expense 
        <span>
          water bill
        </span>
      </h1>
    </div>
  </div>
  <div
    className="content-container"
  >
    <ExpenseForm
      expense={
        Object {
          "amount": 40,
          "createdAt": 0,
          "description": "water bill",
          "id": "2",
          "note": "",
        }
      }
      onSubmit={[Function]}
    />
    <button
      className="button button--remove"
      onClick={[Function]}
    >
      Remove Expense
    </button>
  </div>
</div>
`;
